00:00 +0: loading /Users/ravikarri/Documents/GitHub/purnima-flutter/test/widget_test.dart                                                                                                              00:01 +0: loading /Users/ravikarri/Documents/GitHub/purnima-flutter/test/widget_test.dart                                                                                                              00:02 +0: loading /Users/ravikarri/Documents/GitHub/purnima-flutter/test/widget_test.dart                                                                                                              00:03 +0: loading /Users/ravikarri/Documents/GitHub/purnima-flutter/test/widget_test.dart                                                                                                              00:04 +0: loading /Users/ravikarri/Documents/GitHub/purnima-flutter/test/widget_test.dart                                                                                                              00:04 +0: App starts                                                                                                                                                                                   00:05 +0: App starts                                                                                                                                                                                   00:06 +0: App starts                                                                                                                                                                                   00:06 +0: App starts                                                                                                                                                                                   
PURNIMA_DEBUG: SplashScreen initState
Pending timers:
Timer (duration: 0:00:02.000000, periodic: false), created:
#0      new FakeTimer._ (package:fake_async/fake_async.dart:342:62)
#1      FakeAsync._createTimer (package:fake_async/fake_async.dart:260:29)
#2      FakeAsync.run.<anonymous closure> (package:fake_async/fake_async.dart:185:15)
#6      _SplashScreenState._navigateToHome (package:app/presentation/splash_screen.dart:20:12)
#7      _SplashScreenState.initState (package:app/presentation/splash_screen.dart:16:5)
#8      StatefulElement._firstBuild (package:flutter/src/widgets/framework.dart:5953:55)
#9      ComponentElement.mount (package:flutter/src/widgets/framework.dart:5796:5)
...     Normal element mounting (260 frames)
#269    Element.inflateWidget (package:flutter/src/widgets/framework.dart:4590:20)
#270    MultiChildRenderObjectElement.inflateWidget (package:flutter/src/widgets/framework.dart:7269:36)
#271    MultiChildRenderObjectElement.mount (package:flutter/src/widgets/framework.dart:7285:32)
...     Normal element mounting (454 frames)
#725    _InheritedProviderScopeElement.mount (package:provider/src/inherited_provider.dart:424:11)
...     Normal element mounting (7 frames)
#732    _InheritedProviderScopeElement.mount (package:provider/src/inherited_provider.dart:424:11)
...     Normal element mounting (7 frames)
#739    _InheritedProviderScopeElement.mount (package:provider/src/inherited_provider.dart:424:11)
...     Normal element mounting (7 frames)
#746    _InheritedProviderScopeElement.mount (package:provider/src/inherited_provider.dart:424:11)
...     Normal element mounting (7 frames)
#753    _InheritedProviderScopeElement.mount (package:provider/src/inherited_provider.dart:424:11)
...     Normal element mounting (7 frames)
#760    _InheritedProviderScopeElement.mount (package:provider/src/inherited_provider.dart:424:11)
...     Normal element mounting (7 frames)
#767    _InheritedProviderScopeElement.mount (package:provider/src/inherited_provider.dart:424:11)
...     Normal element mounting (7 frames)
#774    _InheritedProviderScopeElement.mount (package:provider/src/inherited_provider.dart:424:11)
...     Normal element mounting (7 frames)
#781    _InheritedProviderScopeElement.mount (package:provider/src/inherited_provider.dart:424:11)
...     Normal element mounting (7 frames)
#788    _InheritedProviderScopeElement.mount (package:provider/src/inherited_provider.dart:424:11)
...     Normal element mounting (7 frames)
#795    SingleChildWidgetElementMixin.mount (package:nested/nested.dart:222:11)
...     Normal element mounting (7 frames)
#802    _NestedHookElement.mount (package:nested/nested.dart:187:11)
...     Normal element mounting (7 frames)
#809    SingleChildWidgetElementMixin.mount (package:nested/nested.dart:222:11)
...     Normal element mounting (7 frames)
#816    Element.inflateWidget (package:flutter/src/widgets/framework.dart:4590:20)
#817    Element.updateChild (package:flutter/src/widgets/framework.dart:4053:20)
#818    ComponentElement.performRebuild (package:flutter/src/widgets/framework.dart:5844:16)
#819    Element.rebuild (package:flutter/src/widgets/framework.dart:5532:7)
#820    ProxyElement.update (package:flutter/src/widgets/framework.dart:6152:5)
#821    _InheritedNotifierElement.update (package:flutter/src/widgets/inherited_notifier.dart:108:11)
#822    Element.updateChild (package:flutter/src/widgets/framework.dart:4037:15)
#823    ComponentElement.performRebuild (package:flutter/src/widgets/framework.dart:5844:16)
#824    StatefulElement.performRebuild (package:flutter/src/widgets/framework.dart:5985:11)
#825    Element.rebuild (package:flutter/src/widgets/framework.dart:5532:7)
#826    StatefulElement.update (package:flutter/src/widgets/framework.dart:6010:5)
#827    Element.updateChild (package:flutter/src/widgets/framework.dart:4037:15)
#828    ComponentElement.performRebuild (package:flutter/src/widgets/framework.dart:5844:16)
#829    Element.rebuild (package:flutter/src/widgets/framework.dart:5532:7)
#830    ProxyElement.update (package:flutter/src/widgets/framework.dart:6152:5)
#831    _InheritedNotifierElement.update (package:flutter/src/widgets/inherited_notifier.dart:108:11)
#832    Element.updateChild (package:flutter/src/widgets/framework.dart:4037:15)
#833    ComponentElement.performRebuild (package:flutter/src/widgets/framework.dart:5844:16)
#834    StatefulElement.performRebuild (package:flutter/src/widgets/framework.dart:5985:11)
#835    Element.rebuild (package:flutter/src/widgets/framework.dart:5532:7)
#836    StatefulElement.update (package:flutter/src/widgets/framework.dart:6010:5)
#837    Element.updateChild (package:flutter/src/widgets/framework.dart:4037:15)
#838    ComponentElement.performRebuild (package:flutter/src/widgets/framework.dart:5844:16)
#839    StatefulElement.performRebuild (package:flutter/src/widgets/framework.dart:5985:11)
#840    Element.rebuild (package:flutter/src/widgets/framework.dart:5532:7)
#841    StatefulElement.update (package:flutter/src/widgets/framework.dart:6010:5)
#842    Element.updateChild (package:flutter/src/widgets/framework.dart:4037:15)
#843    ComponentElement.performRebuild (package:flutter/src/widgets/framework.dart:5844:16)
#844    Element.rebuild (package:flutter/src/widgets/framework.dart:5532:7)
#845    ProxyElement.update (package:flutter/src/widgets/framework.dart:6152:5)
#846    Element.updateChild (package:flutter/src/widgets/framework.dart:4037:15)
#847    ComponentElement.performRebuild (package:flutter/src/widgets/framework.dart:5844:16)
#848    StatefulElement.performRebuild (package:flutter/src/widgets/framework.dart:5985:11)
#849    Element.rebuild (package:flutter/src/widgets/framework.dart:5532:7)
#850    StatefulElement.update (package:flutter/src/widgets/framework.dart:6010:5)
#851    Element.updateChild (package:flutter/src/widgets/framework.dart:4037:15)
#852    ComponentElement.performRebuild (package:flutter/src/widgets/framework.dart:5844:16)
#853    Element.rebuild (package:flutter/src/widgets/framework.dart:5532:7)
#854    ProxyElement.update (package:flutter/src/widgets/framework.dart:6152:5)
#855    Element.updateChild (package:flutter/src/widgets/framework.dart:4037:15)
#856    ComponentElement.performRebuild (package:flutter/src/widgets/framework.dart:5844:16)
#857    Element.rebuild (package:flutter/src/widgets/framework.dart:5532:7)
#858    ProxyElement.update (package:flutter/src/widgets/framework.dart:6152:5)
#859    Element.updateChild (package:flutter/src/widgets/framework.dart:4037:15)
#860    _RawViewElement._updateChild (package:flutter/src/widgets/view.dart:481:16)
#861    _RawViewElement.update (package:flutter/src/widgets/view.dart:568:5)
#862    Element.updateChild (package:flutter/src/widgets/framework.dart:4037:15)
#863    ComponentElement.performRebuild (package:flutter/src/widgets/framework.dart:5844:16)
#864    Element.rebuild (package:flutter/src/widgets/framework.dart:5532:7)
#865    StatelessElement.update (package:flutter/src/widgets/framework.dart:5898:5)
#866    Element.updateChild (package:flutter/src/widgets/framework.dart:4037:15)
#867    ComponentElement.performRebuild (package:flutter/src/widgets/framework.dart:5844:16)
#868    StatefulElement.performRebuild (package:flutter/src/widgets/framework.dart:5985:11)
#869    Element.rebuild (package:flutter/src/widgets/framework.dart:5532:7)
#870    StatefulElement.update (package:flutter/src/widgets/framework.dart:6010:5)
#871    Element.updateChild (package:flutter/src/widgets/framework.dart:4037:15)
#872    RootElement._rebuild (package:flutter/src/widgets/binding.dart:1782:16)
#873    RootElement.update (package:flutter/src/widgets/binding.dart:1760:5)
#874    RootElement.performRebuild (package:flutter/src/widgets/binding.dart:1774:7)
#875    Element.rebuild (package:flutter/src/widgets/framework.dart:5532:7)
#876    BuildScope._tryRebuild (package:flutter/src/widgets/framework.dart:2750:15)
#877    BuildScope._flushDirtyElements (package:flutter/src/widgets/framework.dart:2807:11)
#878    BuildOwner.buildScope (package:flutter/src/widgets/framework.dart:3111:18)
#879    AutomatedTestWidgetsFlutterBinding.drawFrame (package:flutter_test/src/binding.dart:1506:19)
#880    RendererBinding._handlePersistentFrameCallback (package:flutter/src/rendering/binding.dart:495:5)
#881    SchedulerBinding._invokeFrameCallback (package:flutter/src/scheduler/binding.dart:1434:15)
#882    SchedulerBinding.handleDrawFrame (package:flutter/src/scheduler/binding.dart:1347:9)
#883    AutomatedTestWidgetsFlutterBinding.pump.<anonymous closure> (package:flutter_test/src/binding.dart:1335:9)
#886    TestAsyncUtils.guard (package:flutter_test/src/test_async_utils.dart:74:41)
#887    AutomatedTestWidgetsFlutterBinding.pump (package:flutter_test/src/binding.dart:1324:27)
#888    WidgetTester.pumpWidget.<anonymous closure> (package:flutter_test/src/widget_tester.dart:598:22)
#891    TestAsyncUtils.guard (package:flutter_test/src/test_async_utils.dart:74:41)
#892    WidgetTester.pumpWidget (package:flutter_test/src/widget_tester.dart:595:27)
#893    main.<anonymous closure> (file:///Users/ravikarri/Documents/GitHub/purnima-flutter/test/widget_test.dart:13:18)
#894    testWidgets.<anonymous closure>.<anonymous closure> (package:flutter_test/src/widget_tester.dart:192:29)
<asynchronous suspension>
#895    TestWidgetsFlutterBinding._runTestBody (package:flutter_test/src/binding.dart:1059:5)
<asynchronous suspension>
<asynchronous suspension>
(elided 8 frames from dart:async and package:stack_trace)

══╡ EXCEPTION CAUGHT BY FLUTTER TEST FRAMEWORK ╞════════════════════════════════════════════════════
The following assertion was thrown running a test:
A Timer is still pending even after the widget tree was disposed.
'package:flutter_test/src/binding.dart':
Failed assertion: line 1617 pos 12: '!timersPending'

When the exception was thrown, this was the stack:
#2      AutomatedTestWidgetsFlutterBinding._verifyInvariants (package:flutter_test/src/binding.dart:1617:12)
#3      TestWidgetsFlutterBinding._runTestBody (package:flutter_test/src/binding.dart:1078:7)
<asynchronous suspension>
<asynchronous suspension>
(elided 3 frames from class _AssertionError and package:stack_trace)

The test description was:
  App starts
════════════════════════════════════════════════════════════════════════════════════════════════════
00:06 +0 -1: App starts [E]                                                                                                                                                                            
  Test failed. See exception logs above.
  The test description was: App starts
  

To run this test again: /usr/local/share/flutter/bin/cache/dart-sdk/bin/dart test /Users/ravikarri/Documents/GitHub/purnima-flutter/test/widget_test.dart -p vm --plain-name 'App starts'
00:06 +0 -1: Some tests failed.                                                                                                                                                                        
